filepath: ""
environments:
  default:
    values:
    - jx-values.yaml
namespace: jx-production
repositories:
- name: dev
  url: http://chartmuseum-jx.35.242.181.72.nip.io/
releases:
- chart: dev/another
  version: 0.0.1
  name: another
  values:
  - jx-values.yaml
templates: {}
renderedvalues: {}
