filepath: ""
helmfiles:
- path: helmfiles/cheese/helmfile.yaml
- path: helmfiles/jx/helmfile.yaml
- path: helmfiles/nginx/helmfile.yaml
templates: {}
renderedvalues: {}
