apiVersion: networking.k8s.io/v1
kind: Ingress
metadata:
  annotations:
    kubernetes.io/ingress.class: nginx
  creationTimestamp: null
  name: modify-ingress
  namespace: myapps
spec:
  rules:
  - host: godemo48.my.domain.com
    http:
      paths:
      - backend:
          service:
            name: godemo48
            port:
              number: 80
status:
  loadBalancer: {}